// Jest Snapshot v1, https://goo.gl/fbAQLP

exports[`Pruebas en <GifIten /> debe hacer match con el snapshot 1`] = `
<div>
  <div
    class="card"
  >
    <img
      alt="Saitama"
      src="htttps://one-punch.com/saitana.jpg"
    />
    <p>
      Saitama
    </p>
  </div>
</div>
`;
